         ┌───┐
         │ A │
         └─┬─┘
           │
           ▼
        ┌─────┐
        │  B  │
        └▲─┬──┘
        ┌┘ └──┐
        │     │
        │     ▼
        │   ┌───┐
        │   │ C │
        │   └─┬─┘
        └┐ ┌──┘
         │ │
もう一度 │ ▼
        ┌┴────┐
        │  D  │
        └─────┘
