                         ┌───────┐
                         │ Start │
                         └───┬───┘
              ┌──────────────┴───┬───────┐
              │                  │       │
              ▼                  │       │
┌──────────────────────────┐     ▼       ▼
│ とても長いラベルを持つノ │   ┌───┐   ┌───┐
│ ードで、折り返しと省略の │   │ C │   │ D │
│ 動きを確かめるためのもの │   └─┬─┘   └─┬─┘
└─────────────┬────────────┘     │       │
              └─────────────┬────┴───────┘
                            │
                            ▼
                          ┌───┐
                          │ E │
                          └───┘
