   ┌──────┐
   │ rect │
   └───┬──┘
       │
       │
   ╭───┴───╮
   │ round │
   ╰───┬───╯
       │
       │
  ╭────┴────╮
  │ stadium │
  ╰────┬────╯
       │
       │
┌──────┴─────┐
│ subroutine │
└──────┬─────┘
       │
       │
 ╭─────┴────╮
 │ cylinder │
 ╰─────┬────╯
       │
       │
  ╭────┴───╮
  │ circle │
  ╰────┬───╯
       │
       │
  ╱────┴────╲
  │ diamond │
  ╲────┬────╱
       │
       │
  ╱────┴────╲
  │ hexagon │
  ╲─────────╱
